Please enter a location: qwerty
'qwerty' is NOT a valid location.

Please enter a location: London
'London' is a valid location.

Location: London, Latitude: 51.5074, Longitude: -0.1278

Please enter number of days: asdfgh
'asdfgh' is NOT a valid number of days.

Please enter number of days: 14
'14' is a valid number of days.

Days: 14, Date Range: 2026-05-21 to 2026-06-04

Weather data retrieved:

{
    "latitude": 51.5,
    "longitude": -0.25,
    "generationtime_ms": 0.15592575073242188,
    "utc_offset_seconds": 0,
    "timezone": "GMT",
    "timezone_abbreviation": "GMT",
    "elevation": 16.0,
    "daily_units": {
        "time": "iso8601",
        "temperature_2m_max": "\u00b0C",
        "temperature_2m_min": "\u00b0C"
    },
    "daily": {
        "time": [
            "2026-05-21",
            "2026-05-22",
            "2026-05-23",
            "2026-05-24",
            "2026-05-25",
            "2026-05-26",
            "2026-05-27",
            "2026-05-28",
            "2026-05-29",
            "2026-05-30",
            "2026-05-31",
            "2026-06-01",
            "2026-06-02",
            "2026-06-03",
            "2026-06-04"
        ],
        "temperature_2m_max": [
            23.2,
            26.8,
            29.7,
            31.2,
            33.9,
            34.6,
            25.6,
            31.1,
            25.7,
            28.7,
            23.0,
            23.1,
            19.8,
            18.6,
            18.7
        ],
        "temperature_2m_min": [
            11.0,
            15.8,
            20.3,
            16.6,
            19.8,
            21.3,
            16.5,
            15.7,
            18.9,
            17.9,
            16.3,
            14.2,
            14.5,
            13.1,
            13.6
        ]
    }
}

Processed DataFrame:

         date  max_temp  min_temp
0  2026-05-21      23.2      11.0
1  2026-05-22      26.8      15.8
2  2026-05-23      29.7      20.3
3  2026-05-24      31.2      16.6
4  2026-05-25      33.9      19.8
5  2026-05-26      34.6      21.3
6  2026-05-27      25.6      16.5
7  2026-05-28      31.1      15.7
8  2026-05-29      25.7      18.9
9  2026-05-30      28.7      17.9
10 2026-05-31      23.0      16.3
11 2026-06-01      23.1      14.2
12 2026-06-02      19.8      14.5
13 2026-06-03      18.6      13.1
14 2026-06-04      18.7      13.6

DataFrame with average temperature:

         date  max_temp  min_temp  avg_temp
0  2026-05-21      23.2      11.0     17.10
1  2026-05-22      26.8      15.8     21.30
2  2026-05-23      29.7      20.3     25.00
3  2026-05-24      31.2      16.6     23.90
4  2026-05-25      33.9      19.8     26.85
5  2026-05-26      34.6      21.3     27.95
6  2026-05-27      25.6      16.5     21.05
7  2026-05-28      31.1      15.7     23.40
8  2026-05-29      25.7      18.9     22.30
9  2026-05-30      28.7      17.9     23.30
10 2026-05-31      23.0      16.3     19.65
11 2026-06-01      23.1      14.2     18.65
12 2026-06-02      19.8      14.5     17.15
13 2026-06-03      18.6      13.1     15.85
14 2026-06-04      18.7      13.6     16.15

Files saved in 'data' folder
data/weather_london_2026-05-21_2026-06-04.png
data/weather_london_2026-05-21_2026-06-04.csv

Daytime temperature:
Maximum: 34.6°C
Minimum: 18.6°C
Average: 26.2°C

Nighttime temperature:
Maximum: 21.3°C
Minimum: 11.0°C
Average: 16.4°C

Average temperature:
Maximum: 28.0°C
Minimum: 15.9°C
Average: 21.3°C
